
> NailApp@0.0.2 test
> jest src/shared/ui/__tests__/Button.test.tsx

node.exe : FAIL src/shared/ui/__tests__/Button.test.tsx
At line:1 char:1
+ & "C:\nvm4w\nodejs/node.exe" "C:\nvm4w\nodejs/node_modules/npm/bin/np ...
+ ~~~~~~~~~~~~~~~~~~~~~~~~~~~~~~~~~~~~~~~~~~~~~~~~~~~~~~~~~~~~~~~~~~~~~
    + CategoryInfo          : NotSpecified: (FAIL src/shared...Button.test.tsx:String) [], RemoteException
    + FullyQualifiedErrorId : NativeCommandError
 
  Button
    Ă— should render button with text (467 ms)
    Ă— should call onPress when pressed (4 ms)
    Ă— should not call onPress when disabled (2 ms)
    Ă— should render button with tx prop (5 ms)

  â— Button â€º should render button with text

    TypeError: Cannot read properties of undefined (reading 'medium')

    [0m [90m 171 |[39m     fontSize[33m:[39m [35m16[39m[33m,[39m
     [90m 172 |[39m     lineHeight[33m:[39m [35m20[39m[33m,[39m
    [31m[1m>[22m[39m[90m 173 |[39m     fontFamily[33m:[39m typography[33m.[39mprimary[33m.[39mmedium[33m,[39m
     [90m     |[39m                                    [31m[1m^[22m[39m
     [90m 174 |[39m     textAlign[33m:[39m [32m'center'[39m[33m,[39m
     [90m 175 |[39m     flexShrink[33m:[39m [35m1[39m[33m,[39m
     [90m 176 |[39m     flexGrow[33m:[39m [35m0[39m[33m,[39m[0m

      at medium (src/shared/ui/Button.tsx:173:36)
      at item (src/shared/ui/__tests__/Button.test.tsx:52:20)
          at Array.map (<anonymous>)
      at map (src/shared/ui/__tests__/Button.test.tsx:50:31)
      at themed (src/shared/ui/Button.tsx:121:13)
      at $textStyle (src/shared/ui/Button.tsx:143:86)
      at children (node_modules/react-native/Libraries/Components/Pressable/Pressable.js:307:41)
      at Object.react-stack-bottom-frame (node_modules/react-test-renderer/cjs/react-test-renderer.development.js:12679:20)
      at renderWithHooks (node_modules/react-test-renderer/cjs/react-test-renderer.development.js:3622:25)
      at updateForwardRef (node_modules/react-test-renderer/cjs/react-test-renderer.development.js:5384:19)
      at beginWork (node_modules/react-test-renderer/cjs/react-test-renderer.development.js:7198:18)
      at runWithFiberInDEV (node_modules/react-test-renderer/cjs/react-test-renderer.development.js:540:16)
      at performUnitOfWork (node_modules/react-test-renderer/cjs/react-test-renderer.development.js:10925:22)
      at workLoopSync (node_modules/react-test-renderer/cjs/react-test-renderer.development.js:10763:41)
      at renderRootSync (node_modules/react-test-renderer/cjs/react-test-renderer.development.js:10744:11)
      at performWorkOnRoot (node_modules/react-test-renderer/cjs/react-test-renderer.development.js:10299:39)
      at performWorkOnRootViaSchedulerTask (node_modules/react-test-renderer/cjs/react-test-renderer.development.js:1879:7)
      at flushActQueue (node_modules/react/cjs/react.development.js:862:34)
      at Object.<anonymous>.process.env.NODE_ENV.exports.act (node_modules/react/cjs/react.development.js:1151:10)
      at actImplementation (node_modules/@testing-library/react-native/src/act.ts:30:25)
      at renderWithAct (node_modules/@testing-library/react-native/src/render-act.ts:12:11)
      at renderInternal (node_modules/@testing-library/react-native/src/render.tsx:81:33)
      at renderInternal (node_modules/@testing-library/react-native/src/render.tsx:44:10)
      at Object.<anonymous> (src/shared/ui/__tests__/Button.test.tsx:81:33)

  â— Button â€º should call onPress when pressed

    TypeError: Cannot read properties of undefined (reading 'medium')

    [0m [90m 171 |[39m     fontSize[33m:[39m [35m16[39m[33m,[39m
     [90m 172 |[39m     lineHeight[33m:[39m [35m20[39m[33m,[39m
    [31m[1m>[22m[39m[90m 173 |[39m     fontFamily[33m:[39m typography[33m.[39mprimary[33m.[39mmedium[33m,[39m
     [90m     |[39m                                    [31m[1m^[22m[39m
     [90m 174 |[39m     textAlign[33m:[39m [32m'center'[39m[33m,[39m
     [90m 175 |[39m     flexShrink[33m:[39m [35m1[39m[33m,[39m
     [90m 176 |[39m     flexGrow[33m:[39m [35m0[39m[33m,[39m[0m

      at medium (src/shared/ui/Button.tsx:173:36)
      at item (src/shared/ui/__tests__/Button.test.tsx:52:20)
          at Array.map (<anonymous>)
      at map (src/shared/ui/__tests__/Button.test.tsx:50:31)
      at themed (src/shared/ui/Button.tsx:121:13)
      at $textStyle (src/shared/ui/Button.tsx:143:86)
      at children (node_modules/react-native/Libraries/Components/Pressable/Pressable.js:307:41)
      at Object.react-stack-bottom-frame (node_modules/react-test-renderer/cjs/react-test-renderer.development.js:12679:20)
      at renderWithHooks (node_modules/react-test-renderer/cjs/react-test-renderer.development.js:3622:25)
      at updateForwardRef (node_modules/react-test-renderer/cjs/react-test-renderer.development.js:5384:19)
      at beginWork (node_modules/react-test-renderer/cjs/react-test-renderer.development.js:7198:18)
      at runWithFiberInDEV (node_modules/react-test-renderer/cjs/react-test-renderer.development.js:540:16)
      at performUnitOfWork (node_modules/react-test-renderer/cjs/react-test-renderer.development.js:10925:22)
      at workLoopSync (node_modules/react-test-renderer/cjs/react-test-renderer.development.js:10763:41)
      at renderRootSync (node_modules/react-test-renderer/cjs/react-test-renderer.development.js:10744:11)
      at performWorkOnRoot (node_modules/react-test-renderer/cjs/react-test-renderer.development.js:10299:39)
      at performWorkOnRootViaSchedulerTask (node_modules/react-test-renderer/cjs/react-test-renderer.development.js:1879:7)
      at flushActQueue (node_modules/react/cjs/react.development.js:862:34)
      at Object.<anonymous>.process.env.NODE_ENV.exports.act (node_modules/react/cjs/react.development.js:1151:10)
      at actImplementation (node_modules/@testing-library/react-native/src/act.ts:30:25)
      at renderWithAct (node_modules/@testing-library/react-native/src/render-act.ts:12:11)
      at renderInternal (node_modules/@testing-library/react-native/src/render.tsx:81:33)
      at renderInternal (node_modules/@testing-library/react-native/src/render.tsx:44:10)
      at Object.<anonymous> (src/shared/ui/__tests__/Button.test.tsx:87:33)

  â— Button â€º should not call onPress when disabled

    TypeError: Cannot read properties of undefined (reading 'medium')

    [0m [90m 171 |[39m     fontSize[33m:[39m [35m16[39m[33m,[39m
     [90m 172 |[39m     lineHeight[33m:[39m [35m20[39m[33m,[39m
    [31m[1m>[22m[39m[90m 173 |[39m     fontFamily[33m:[39m typography[33m.[39mprimary[33m.[39mmedium[33m,[39m
     [90m     |[39m                                    [31m[1m^[22m[39m
     [90m 174 |[39m     textAlign[33m:[39m [32m'center'[39m[33m,[39m
     [90m 175 |[39m     flexShrink[33m:[39m [35m1[39m[33m,[39m
     [90m 176 |[39m     flexGrow[33m:[39m [35m0[39m[33m,[39m[0m

      at medium (src/shared/ui/Button.tsx:173:36)
      at item (src/shared/ui/__tests__/Button.test.tsx:52:20)
          at Array.map (<anonymous>)
      at map (src/shared/ui/__tests__/Button.test.tsx:50:31)
      at themed (src/shared/ui/Button.tsx:121:13)
      at $textStyle (src/shared/ui/Button.tsx:143:86)
      at children (node_modules/react-native/Libraries/Components/Pressable/Pressable.js:307:41)
      at Object.react-stack-bottom-frame (node_modules/react-test-renderer/cjs/react-test-renderer.development.js:12679:20)
      at renderWithHooks (node_modules/react-test-renderer/cjs/react-test-renderer.development.js:3622:25)
      at updateForwardRef (node_modules/react-test-renderer/cjs/react-test-renderer.development.js:5384:19)
      at beginWork (node_modules/react-test-renderer/cjs/react-test-renderer.development.js:7198:18)
      at runWithFiberInDEV (node_modules/react-test-renderer/cjs/react-test-renderer.development.js:540:16)
      at performUnitOfWork (node_modules/react-test-renderer/cjs/react-test-renderer.development.js:10925:22)
      at workLoopSync (node_modules/react-test-renderer/cjs/react-test-renderer.development.js:10763:41)
      at renderRootSync (node_modules/react-test-renderer/cjs/react-test-renderer.development.js:10744:11)
      at performWorkOnRoot (node_modules/react-test-renderer/cjs/react-test-renderer.development.js:10299:39)
      at performWorkOnRootViaSchedulerTask (node_modules/react-test-renderer/cjs/react-test-renderer.development.js:1879:7)
      at flushActQueue (node_modules/react/cjs/react.development.js:862:34)
      at Object.<anonymous>.process.env.NODE_ENV.exports.act (node_modules/react/cjs/react.development.js:1151:10)
      at actImplementation (node_modules/@testing-library/react-native/src/act.ts:30:25)
      at renderWithAct (node_modules/@testing-library/react-native/src/render-act.ts:12:11)
      at renderInternal (node_modules/@testing-library/react-native/src/render.tsx:81:33)
      at renderInternal (node_modules/@testing-library/react-native/src/render.tsx:44:10)
      at Object.<anonymous> (src/shared/ui/__tests__/Button.test.tsx:95:33)

  â— Button â€º should render button with tx prop

    TypeError: Cannot read properties of undefined (reading 'medium')

    [0m [90m 171 |[39m     fontSize[33m:[39m [35m16[39m[33m,[39m
     [90m 172 |[39m     lineHeight[33m:[39m [35m20[39m[33m,[39m
    [31m[1m>[22m[39m[90m 173 |[39m     fontFamily[33m:[39m typography[33m.[39mprimary[33m.[39mmedium[33m,[39m
     [90m     |[39m                                    [31m[1m^[22m[39m
     [90m 174 |[39m     textAlign[33m:[39m [32m'center'[39m[33m,[39m
     [90m 175 |[39m     flexShrink[33m:[39m [35m1[39m[33m,[39m
     [90m 176 |[39m     flexGrow[33m:[39m [35m0[39m[33m,[39m[0m

      at medium (src/shared/ui/Button.tsx:173:36)
      at item (src/shared/ui/__tests__/Button.test.tsx:52:20)
          at Array.map (<anonymous>)
      at map (src/shared/ui/__tests__/Button.test.tsx:50:31)
      at themed (src/shared/ui/Button.tsx:121:13)
      at $textStyle (src/shared/ui/Button.tsx:143:86)
      at children (node_modules/react-native/Libraries/Components/Pressable/Pressable.js:307:41)
      at Object.react-stack-bottom-frame (node_modules/react-test-renderer/cjs/react-test-renderer.development.js:12679:20)
      at renderWithHooks (node_modules/react-test-renderer/cjs/react-test-renderer.development.js:3622:25)
      at updateForwardRef (node_modules/react-test-renderer/cjs/react-test-renderer.development.js:5384:19)
      at beginWork (node_modules/react-test-renderer/cjs/react-test-renderer.development.js:7198:18)
      at runWithFiberInDEV (node_modules/react-test-renderer/cjs/react-test-renderer.development.js:540:16)
      at performUnitOfWork (node_modules/react-test-renderer/cjs/react-test-renderer.development.js:10925:22)
      at workLoopSync (node_modules/react-test-renderer/cjs/react-test-renderer.development.js:10763:41)
      at renderRootSync (node_modules/react-test-renderer/cjs/react-test-renderer.development.js:10744:11)
      at performWorkOnRoot (node_modules/react-test-renderer/cjs/react-test-renderer.development.js:10299:39)
      at performWorkOnRootViaSchedulerTask (node_modules/react-test-renderer/cjs/react-test-renderer.development.js:1879:7)
      at flushActQueue (node_modules/react/cjs/react.development.js:862:34)
      at Object.<anonymous>.process.env.NODE_ENV.exports.act (node_modules/react/cjs/react.development.js:1151:10)
      at actImplementation (node_modules/@testing-library/react-native/src/act.ts:30:25)
      at renderWithAct (node_modules/@testing-library/react-native/src/render-act.ts:12:11)
      at renderInternal (node_modules/@testing-library/react-native/src/render.tsx:81:33)
      at renderInternal (node_modules/@testing-library/react-native/src/render.tsx:44:10)
      at Object.<anonymous> (src/shared/ui/__tests__/Button.test.tsx:102:33)

Test Suites: 1 failed, 1 total
Tests:       4 failed, 4 total
Snapshots:   0 total
Time:        1.207 s
Ran all test suites matching /src\\shared\\ui\\__tests__\\Button.test.tsx/i.
